Performing C++ SOURCE FILE Test CMAKE_HAVE_LIBC_PTHREAD failed with the following output:
Change Dir: /home/project/codasip_urisc_v/work/tmp/profiler/CMakeFiles/CMakeTmp

Run Build Command(s):/contrib/bin/ninja cmTC_018ef && [1/2] Building CXX object CMakeFiles/cmTC_018ef.dir/src.cxx.o
[2/2] Linking CXX executable cmTC_018ef
FAILED: cmTC_018ef 
: && /contrib/bin/g++ -O0  CMakeFiles/cmTC_018ef.dir/src.cxx.o -o cmTC_018ef   && :
/contrib/bin/../lib/gcc/x86_64-linux-gnu/7.4.0/../../../../x86_64-linux-gnu/bin/ld: CMakeFiles/cmTC_018ef.dir/src.cxx.o: in function `main':
src.cxx:(.text+0x2d): undefined reference to `pthread_create'
/contrib/bin/../lib/gcc/x86_64-linux-gnu/7.4.0/../../../../x86_64-linux-gnu/bin/ld: src.cxx:(.text+0x39): undefined reference to `pthread_detach'
/contrib/bin/../lib/gcc/x86_64-linux-gnu/7.4.0/../../../../x86_64-linux-gnu/bin/ld: src.cxx:(.text+0x45): undefined reference to `pthread_cancel'
/contrib/bin/../lib/gcc/x86_64-linux-gnu/7.4.0/../../../../x86_64-linux-gnu/bin/ld: src.cxx:(.text+0x56): undefined reference to `pthread_join'
collect2: error: ld returned 1 exit status
ninja: build stopped: subcommand failed.


Source file was:
#include <pthread.h>

static void* test_func(void* data)
{
  return data;
}

int main(void)
{
  pthread_t thread;
  pthread_create(&thread, NULL, test_func, NULL);
  pthread_detach(thread);
  pthread_cancel(thread);
  pthread_join(thread, NULL);
  pthread_atfork(NULL, NULL, NULL);
  pthread_exit(NULL);

  return 0;
}

Determining if the function pthread_create exists in the pthreads failed with the following output:
Change Dir: /home/project/codasip_urisc_v/work/tmp/profiler/CMakeFiles/CMakeTmp

Run Build Command(s):/contrib/bin/ninja cmTC_91b0c && [1/2] Building CXX object CMakeFiles/cmTC_91b0c.dir/CheckFunctionExists.cxx.o
[2/2] Linking CXX executable cmTC_91b0c
FAILED: cmTC_91b0c 
: && /contrib/bin/g++ -O0 -DCHECK_FUNCTION_EXISTS=pthread_create  CMakeFiles/cmTC_91b0c.dir/CheckFunctionExists.cxx.o -o cmTC_91b0c  -lpthreads && :
/contrib/bin/../lib/gcc/x86_64-linux-gnu/7.4.0/../../../../x86_64-linux-gnu/bin/ld: cannot find -lpthreads
collect2: error: ld returned 1 exit status
ninja: build stopped: subcommand failed.



