CMake Warning (dev) in CMakeLists.txt:
  No project() command is present.  The top-level CMakeLists.txt file must
  contain a literal, direct call to the project() command.  Add a line of
  code such as

    project(ProjectName)

  near the top of the file, but after cmake_minimum_required().

  CMake is pretending there is a "project(Project)" command on the first
  line.
This warning is for project developers.  Use -Wno-dev to suppress it.

-- The C compiler identification is GNU 7.4.0
-- The CXX compiler identification is GNU 7.4.0
-- Detecting C compiler ABI info
-- Detecting C compiler ABI info - done
-- Check for working C compiler: /contrib/bin/gcc - skipped
-- Detecting C compile features
-- Detecting C compile features - done
-- Detecting CXX compiler ABI info
-- Detecting CXX compiler ABI info - done
-- Check for working CXX compiler: /contrib/bin/g++ - skipped
-- Detecting CXX compile features
-- Detecting CXX compile features - done
-- Installation prefix set to: /home/project/codasip_urisc_v/work/ia/sdk
-- Looking for pthread.h
-- Looking for pthread.h - found
-- Performing Test CMAKE_HAVE_LIBC_PTHREAD
-- Performing Test CMAKE_HAVE_LIBC_PTHREAD - Failed
-- Looking for pthread_create in pthreads
-- Looking for pthread_create in pthreads - not found
-- Looking for pthread_create in pthread
-- Looking for pthread_create in pthread - found
-- Found Threads: TRUE  
CMake Warning at CMakeLists.txt:11 (message):
  Use target_link_directories instead link_directories.


-- Configuring done
-- Generating done
CMake Warning:
  Manually-specified variables were not used by the project:

    CODASIP_MODEL_DIR
    LLVM_USE_LINKER


-- Build files have been written to: /home/project/codasip_urisc_v/work/tmp/debugger
