The system is: Linux - 5.10.233-224.894.amzn2.x86_64 - x86_64
Compiling the C compiler identification source file "CMakeCCompilerId.c" succeeded.
Compiler: /home/project/codasip_urisc_v/work/ia/sdk/bin/codasip_urisc_v-ia-clang 
Build flags: -I"/tools/toolchain/newlib/newlib/libc/include";-nostdlibinc;-D__SOFT_FP__
Id flags: -c 

The output was:
0


Compilation of the C compiler identification source "CMakeCCompilerId.c" produced "CMakeCCompilerId.o"

The C compiler identification is Clang, found in "/home/project/codasip_urisc_v/work/tmp/libs/compiler-rt/build/CMakeFiles/3.21.4/CompilerIdC/CMakeCCompilerId.o"

Compiling the CXX compiler identification source file "CMakeCXXCompilerId.cpp" succeeded.
Compiler: /home/project/codasip_urisc_v/work/ia/sdk/bin/codasip_urisc_v-ia-clang++ 
Build flags: -I"/tools/toolchain/newlib/newlib/libc/include";-nostdlibinc;-D__SOFT_FP__
Id flags: -c 

The output was:
0


Compilation of the CXX compiler identification source "CMakeCXXCompilerId.cpp" produced "CMakeCXXCompilerId.o"

The CXX compiler identification is Clang, found in "/home/project/codasip_urisc_v/work/tmp/libs/compiler-rt/build/CMakeFiles/3.21.4/CompilerIdCXX/CMakeCXXCompilerId.o"

Checking whether the ASM compiler is Clang using "--version" matched "(clang version)":
LLVM (http://llvm.org/):
  LLVM version 9.0.1
  Optimized build with assertions.
  Default target: x86_64-unknown-linux-gnu
  Host CPU: skylake-avx512

  Registered Targets:
    codasip   - Target generated for codasip_urisc_v.ia.
      Codasip Studio version: 9.4.2
      Project: codasip_urisc_v.ia
      Date: 2025-04-14 12:52:03
      Copyright (C) 2025 Codasip s.r.o.
    extractor - Target created for semantics extraction.
clang version 9.0.1 (ssh://git@gitlab.codasip.com/codasip-studio/llvm-project.git de721e516e0cf84aa99255d0f6f37c402af48983)
Target: codasip-codasip_urisc_v_ia
Thread model: posix
InstalledDir: /home/project/codasip_urisc_v/work/ia/sdk/bin
Detecting C compiler ABI info compiled with the following output:
Change Dir: /home/project/codasip_urisc_v/work/tmp/libs/compiler-rt/build/CMakeFiles/CMakeTmp

Run Build Command(s):/contrib/bin/ninja cmTC_f3ee4 && [1/2] Building C object CMakeFiles/cmTC_f3ee4.dir/CMakeCCompilerABI.c.o
clang version 9.0.1 (ssh://git@gitlab.codasip.com/codasip-studio/llvm-project.git de721e516e0cf84aa99255d0f6f37c402af48983)
Target: codasip-codasip_urisc_v_ia
Thread model: posix
InstalledDir: /home/project/codasip_urisc_v/work/ia/sdk/bin
LLVM (http://llvm.org/):
  LLVM version 9.0.1
  Optimized build with assertions.
  Default target: x86_64-unknown-linux-gnu
  Host CPU: skylake-avx512

  Registered Targets:
    codasip   - Target generated for codasip_urisc_v.ia.
      Codasip Studio version: 9.4.2
      Project: codasip_urisc_v.ia
      Date: 2025-04-14 12:52:03
      Copyright (C) 2025 Codasip s.r.o.
    extractor - Target created for semantics extraction.
 "/home/project/codasip_urisc_v/work/ia/sdk/bin/codasip_urisc_v-ia-clang" -cc1 -triple codasip-codasip_urisc_v_ia -custom-datalayout=e-p:32:32:32-S128-a:0:32-v8:8:8-i8:8:8-v16:16:16-i16:16:16-f16:16:16-v32:32:32-i32:32:32-f32:32:32-v64:32:32-i64:32:32-f64:32:32-v128:32:32-i128:32:32-f128:32:32-v256:32:32-i256:32:32-v512:32:32-i512:32:32-v1024:32:32-i1024:32:32-v2048:32:32-i2048:32:32-n32@e-p:32:32:32-S128-a:0:32-v8:8:8-i8:8:8-v16:16:16-i16:16:16-f16:16:16-v32:32:32-i32:32:32-f32:32:32-v64:32:32-i64:32:32-f64:32:32-v128:32:32-i128:32:32-f128:32:32-v256:32:32-i256:32:32-v512:32:32-i512:32:32-v1024:32:32-i1024:32:32-v2048:32:32-i2048:32:32-n32@E-p:32:32:32-S128-a:0:32-v8:8:8-i8:8:8-v16:16:16-i16:16:16-f16:16:16-v32:32:32-i32:32:32-f32:32:32-v64:32:32-i64:32:32-f64:32:32-v128:32:32-i128:32:32-f128:32:32-v256:32:32-i256:32:32-v512:32:32-i512:32:32-v1024:32:32-i1024:32:32-v2048:32:32-i2048:32:32-n32 -allowed-clobbers=regs@@ra@@x1@@sp@@x2@@x3@@gp@@x4@@tp@@x5@@t0@@x6@@t1@@x7@@t2@@fp@@x8@@s0@@x9@@s1@@x10@@a0@@x11@@a1@@x12@@a2@@x13@@a3@@x14@@a4@@x15@@a5@@x16@@a6@@x17@@a7@@x18@@s2@@x19@@s3@@x20@@s4@@x21@@s5@@x22@@s6@@x23@@s7@@x24@@s8@@x25@@s9@@x26@@s10@@x27@@s11@@x28@@t3@@x29@@t4@@x30@@t5@@x31@@t6@@rf_gpr_1@@rf_gpr_2@@rf_gpr_3@@rf_gpr_4@@rf_gpr_5@@rf_gpr_6@@rf_gpr_7@@rf_gpr_8@@rf_gpr_9@@rf_gpr_10@@rf_gpr_11@@rf_gpr_12@@rf_gpr_13@@rf_gpr_14@@rf_gpr_15@@rf_gpr_16@@rf_gpr_17@@rf_gpr_18@@rf_gpr_19@@rf_gpr_20@@rf_gpr_21@@rf_gpr_22@@rf_gpr_23@@rf_gpr_24@@rf_gpr_25@@rf_gpr_26@@rf_gpr_27@@rf_gpr_28@@rf_gpr_29@@rf_gpr_30@@rf_gpr_31@@r_csr_marchid_0@@r_csr_mcause_0@@r_csr_mcountinhibit_0@@r_csr_mcycle_0@@r_csr_mepc_0@@r_csr_mhartid_0@@r_csr_mie_0@@r_csr_minstret_0@@r_csr_mip_0@@r_csr_misa_0@@r_csr_mscratch_0@@r_csr_mstatus_0@@r_csr_mtval_0@@r_csr_mtvec_0@@r_csr_nmi_0@@r_csr_nmi_mtval_0@@r_nmi_handler_0@@rf_gpr_0@@rf_gpr_1@@rf_gpr_2@@rf_gpr_3@@rf_gpr_4@@rf_gpr_5@@rf_gpr_6@@rf_gpr_7@@rf_gpr_8@@rf_gpr_9@@rf_gpr_10@@rf_gpr_11@@rf_gpr_12@@rf_gpr_13@@rf_gpr_14@@rf_gpr_15@@rf_gpr_16@@rf_gpr_17@@rf_gpr_18@@rf_gpr_19@@rf_gpr_20@@rf_gpr_21@@rf_gpr_22@@rf_gpr_23@@rf_gpr_24@@rf_gpr_25@@rf_gpr_26@@rf_gpr_27@@rf_gpr_28@@rf_gpr_29@@rf_gpr_30@@rf_gpr_31@@codasip_physical_regs_csr_768@@codasip_physical_regs_csr_769@@codasip_physical_regs_csr_772@@codasip_physical_regs_csr_773@@codasip_physical_regs_csr_800@@codasip_physical_regs_csr_803@@codasip_physical_regs_csr_804@@codasip_physical_regs_csr_805@@codasip_physical_regs_csr_806@@codasip_physical_regs_csr_807@@codasip_physical_regs_csr_808@@codasip_physical_regs_csr_809@@codasip_physical_regs_csr_810@@codasip_physical_regs_csr_811@@codasip_physical_regs_csr_812@@codasip_physical_regs_csr_813@@codasip_physical_regs_csr_814@@codasip_physical_regs_csr_815@@codasip_physical_regs_csr_816@@codasip_physical_regs_csr_817@@codasip_physical_regs_csr_818@@codasip_physical_regs_csr_819@@codasip_physical_regs_csr_820@@codasip_physical_regs_csr_821@@codasip_physical_regs_csr_822@@codasip_physical_regs_csr_823@@codasip_physical_regs_csr_824@@codasip_physical_regs_csr_825@@codasip_physical_regs_csr_826@@codasip_physical_regs_csr_827@@codasip_physical_regs_csr_828@@codasip_physical_regs_csr_829@@codasip_physical_regs_csr_830@@codasip_physical_regs_csr_831@@codasip_physical_regs_csr_832@@codasip_physical_regs_csr_833@@codasip_physical_regs_csr_834@@codasip_physical_regs_csr_835@@codasip_physical_regs_csr_836@@codasip_physical_regs_csr_2816@@codasip_physical_regs_csr_2818@@codasip_physical_regs_csr_2819@@codasip_physical_regs_csr_2820@@codasip_physical_regs_csr_2821@@codasip_physical_regs_csr_2822@@codasip_physical_regs_csr_2823@@codasip_physical_regs_csr_2824@@codasip_physical_regs_csr_2825@@codasip_physical_regs_csr_2826@@codasip_physical_regs_csr_2827@@codasip_physical_regs_csr_2828@@codasip_physical_regs_csr_2829@@codasip_physical_regs_csr_2830@@codasip_physical_regs_csr_2831@@codasip_physical_regs_csr_2832@@codasip_physical_regs_csr_2833@@codasip_physical_regs_csr_2834@@codasip_physical_regs_csr_2835@@codasip_physical_regs_csr_2836@@codasip_physical_regs_csr_2837@@codasip_physical_regs_csr_2838@@codasip_physical_regs_csr_2839@@codasip_physical_regs_csr_2840@@codasip_physical_regs_csr_2841@@codasip_physical_regs_csr_2842@@codasip_physical_regs_csr_2843@@codasip_physical_regs_csr_2844@@codasip_physical_regs_csr_2845@@codasip_physical_regs_csr_2846@@codasip_physical_regs_csr_2847@@codasip_physical_regs_csr_2944@@codasip_physical_regs_csr_2946@@codasip_physical_regs_csr_2947@@codasip_physical_regs_csr_2948@@codasip_physical_regs_csr_2949@@codasip_physical_regs_csr_2950@@codasip_physical_regs_csr_2951@@codasip_physical_regs_csr_2952@@codasip_physical_regs_csr_2953@@codasip_physical_regs_csr_2954@@codasip_physical_regs_csr_2955@@codasip_physical_regs_csr_2956@@codasip_physical_regs_csr_2957@@codasip_physical_regs_csr_2958@@codasip_physical_regs_csr_2959@@codasip_physical_regs_csr_2960@@codasip_physical_regs_csr_2961@@codasip_physical_regs_csr_2962@@codasip_physical_regs_csr_2963@@codasip_physical_regs_csr_2964@@codasip_physical_regs_csr_2965@@codasip_physical_regs_csr_2966@@codasip_physical_regs_csr_2967@@codasip_physical_regs_csr_2968@@codasip_physical_regs_csr_2969@@codasip_physical_regs_csr_2970@@codasip_physical_regs_csr_2971@@codasip_physical_regs_csr_2972@@codasip_physical_regs_csr_2973@@codasip_physical_regs_csr_2974@@codasip_physical_regs_csr_2975@@codasip_physical_regs_csr_3857@@codasip_physical_regs_csr_3858@@codasip_physical_regs_csr_3859@@codasip_physical_regs_csr_3860@@codasip_physical_regs_csr_4033@@codasip_physical_regs_csr_4038@@ -ehdata-regs=10:11 -emit-llvm-bc -emit-llvm-uselists -disable-free -main-file-name CMakeCCompilerABI.c -mrelocation-model static -mthread-model posix -fmath-errno -masm-verbose -mconstructor-aliases -dwarf-column-info -debugger-tuning=lldb -ggnu-pubnames -momit-leaf-frame-pointer -v -coverage-notes-file /home/project/codasip_urisc_v/work/tmp/libs/compiler-rt/build/CMakeFiles/CMakeTmp/CMakeFiles/cmTC_f3ee4.dir/CMakeCCompilerABI.c.gcno -nostdsysteminc -resource-dir /home/project/codasip_urisc_v/work/ia/sdk/lib/clang/9.0.1 -dependency-file CMakeFiles/cmTC_f3ee4.dir/CMakeCCompilerABI.c.o.d -sys-header-deps -MT CMakeFiles/cmTC_f3ee4.dir/CMakeCCompilerABI.c.o -D CODASIP_ENABLE_BASE_COUNTERS -D CODASIP_ENABLE_HPM_COUNTERS -D CODASIP_RV32 -D CODASIP_RVI -D __riscv -D __riscv_xlen=32 -D CODASIP_STUDIO_VERSION_MAJOR=9 -D CODASIP_STUDIO_VERSION_MINOR=4 -D CODASIP_STUDIO_VERSION_PATCH=2 -I /tools/toolchain/newlib/newlib/libc/include -D __SOFT_FP__ -internal-externc-isystem /home/project/codasip_urisc_v/work/ia/sdk/bin/../libcxx/include/c++/v1 -internal-isystem /home/project/codasip_urisc_v/work/ia/sdk/lib/clang/9.0.1/include -fdebug-compilation-dir /home/project/codasip_urisc_v/work/tmp/libs/compiler-rt/build/CMakeFiles/CMakeTmp -ferror-limit 19 -fmessage-length 0 -fobjc-runtime=gcc -fdwarf-exceptions -fdiagnostics-show-option -faddrsig -o /tmp/CMakeCCompilerABI-054f0a.bc -x c /contrib/share/cmake-3.21/Modules/CMakeCCompilerABI.c
clang -cc1 version 9.0.1 based upon LLVM 9.0.1 default target x86_64-unknown-linux-gnu
ignoring nonexistent directory "/home/project/codasip_urisc_v/work/ia/sdk/bin/../libcxx/include/c++/v1"
ignoring duplicate directory "/home/project/codasip_urisc_v/work/ia/sdk/lib/clang/9.0.1/include"
#include "..." search starts here:
#include <...> search starts here:
 /tools/toolchain/newlib/newlib/libc/include
 /home/project/codasip_urisc_v/work/ia/sdk/lib/clang/9.0.1/include
End of search list.
 "/home/project/codasip_urisc_v/work/ia/sdk/bin/codasip_urisc_v-ia-llc" -O0 -use-ctors -o CMakeFiles/cmTC_f3ee4.dir/CMakeCCompilerABI.c.o -filetype=obj /tmp/CMakeCCompilerABI-054f0a.bc -exception-model=dwarf
[2/2] Linking C static library libcmTC_f3ee4.a



Parsed C implicit include dir info from above output: rv=done
  found start of include info
  found start of implicit include info
    add: [/tools/toolchain/newlib/newlib/libc/include]
    add: [/home/project/codasip_urisc_v/work/ia/sdk/lib/clang/9.0.1/include]
  end of search list found
  collapse include dir [/tools/toolchain/newlib/newlib/libc/include] ==> [/tools/toolchain/newlib/newlib/libc/include]
  collapse include dir [/home/project/codasip_urisc_v/work/ia/sdk/lib/clang/9.0.1/include] ==> [/home/project/codasip_urisc_v/work/ia/sdk/lib/clang/9.0.1/include]
  implicit include dirs: [/tools/toolchain/newlib/newlib/libc/include;/home/project/codasip_urisc_v/work/ia/sdk/lib/clang/9.0.1/include]


Parsed C implicit link information from above output:
  link line regex: [^( *|.*[/\])(codasip_urisc_v-ia-ld|CMAKE_LINK_STARTFILE-NOTFOUND|([^/\]+-)?ld|collect2)[^/\]*( |$)]
  ignore line: [Change Dir: /home/project/codasip_urisc_v/work/tmp/libs/compiler-rt/build/CMakeFiles/CMakeTmp]
  ignore line: []
  ignore line: [Run Build Command(s):/contrib/bin/ninja cmTC_f3ee4 && [1/2] Building C object CMakeFiles/cmTC_f3ee4.dir/CMakeCCompilerABI.c.o]
  ignore line: [clang version 9.0.1 (ssh://git@gitlab.codasip.com/codasip-studio/llvm-project.git de721e516e0cf84aa99255d0f6f37c402af48983)]
  ignore line: [Target: codasip-codasip_urisc_v_ia]
  ignore line: [Thread model: posix]
  ignore line: [InstalledDir: /home/project/codasip_urisc_v/work/ia/sdk/bin]
  ignore line: [LLVM (http://llvm.org/):]
  ignore line: [  LLVM version 9.0.1]
  ignore line: [  Optimized build with assertions.]
  ignore line: [  Default target: x86_64-unknown-linux-gnu]
  ignore line: [  Host CPU: skylake-avx512]
  ignore line: []
  ignore line: [  Registered Targets:]
  ignore line: [    codasip   - Target generated for codasip_urisc_v.ia.]
  ignore line: [      Codasip Studio version: 9.4.2]
  ignore line: [      Project: codasip_urisc_v.ia]
  ignore line: [      Date: 2025-04-14 12:52:03]
  ignore line: [      Copyright (C) 2025 Codasip s.r.o.]
  ignore line: [    extractor - Target created for semantics extraction.]
  ignore line: [ "/home/project/codasip_urisc_v/work/ia/sdk/bin/codasip_urisc_v-ia-clang" -cc1 -triple codasip-codasip_urisc_v_ia -custom-datalayout=e-p:32:32:32-S128-a:0:32-v8:8:8-i8:8:8-v16:16:16-i16:16:16-f16:16:16-v32:32:32-i32:32:32-f32:32:32-v64:32:32-i64:32:32-f64:32:32-v128:32:32-i128:32:32-f128:32:32-v256:32:32-i256:32:32-v512:32:32-i512:32:32-v1024:32:32-i1024:32:32-v2048:32:32-i2048:32:32-n32@e-p:32:32:32-S128-a:0:32-v8:8:8-i8:8:8-v16:16:16-i16:16:16-f16:16:16-v32:32:32-i32:32:32-f32:32:32-v64:32:32-i64:32:32-f64:32:32-v128:32:32-i128:32:32-f128:32:32-v256:32:32-i256:32:32-v512:32:32-i512:32:32-v1024:32:32-i1024:32:32-v2048:32:32-i2048:32:32-n32@E-p:32:32:32-S128-a:0:32-v8:8:8-i8:8:8-v16:16:16-i16:16:16-f16:16:16-v32:32:32-i32:32:32-f32:32:32-v64:32:32-i64:32:32-f64:32:32-v128:32:32-i128:32:32-f128:32:32-v256:32:32-i256:32:32-v512:32:32-i512:32:32-v1024:32:32-i1024:32:32-v2048:32:32-i2048:32:32-n32 -allowed-clobbers=regs@@ra@@x1@@sp@@x2@@x3@@gp@@x4@@tp@@x5@@t0@@x6@@t1@@x7@@t2@@fp@@x8@@s0@@x9@@s1@@x10@@a0@@x11@@a1@@x12@@a2@@x13@@a3@@x14@@a4@@x15@@a5@@x16@@a6@@x17@@a7@@x18@@s2@@x19@@s3@@x20@@s4@@x21@@s5@@x22@@s6@@x23@@s7@@x24@@s8@@x25@@s9@@x26@@s10@@x27@@s11@@x28@@t3@@x29@@t4@@x30@@t5@@x31@@t6@@rf_gpr_1@@rf_gpr_2@@rf_gpr_3@@rf_gpr_4@@rf_gpr_5@@rf_gpr_6@@rf_gpr_7@@rf_gpr_8@@rf_gpr_9@@rf_gpr_10@@rf_gpr_11@@rf_gpr_12@@rf_gpr_13@@rf_gpr_14@@rf_gpr_15@@rf_gpr_16@@rf_gpr_17@@rf_gpr_18@@rf_gpr_19@@rf_gpr_20@@rf_gpr_21@@rf_gpr_22@@rf_gpr_23@@rf_gpr_24@@rf_gpr_25@@rf_gpr_26@@rf_gpr_27@@rf_gpr_28@@rf_gpr_29@@rf_gpr_30@@rf_gpr_31@@r_csr_marchid_0@@r_csr_mcause_0@@r_csr_mcountinhibit_0@@r_csr_mcycle_0@@r_csr_mepc_0@@r_csr_mhartid_0@@r_csr_mie_0@@r_csr_minstret_0@@r_csr_mip_0@@r_csr_misa_0@@r_csr_mscratch_0@@r_csr_mstatus_0@@r_csr_mtval_0@@r_csr_mtvec_0@@r_csr_nmi_0@@r_csr_nmi_mtval_0@@r_nmi_handler_0@@rf_gpr_0@@rf_gpr_1@@rf_gpr_2@@rf_gpr_3@@rf_gpr_4@@rf_gpr_5@@rf_gpr_6@@rf_gpr_7@@rf_gpr_8@@rf_gpr_9@@rf_gpr_10@@rf_gpr_11@@rf_gpr_12@@rf_gpr_13@@rf_gpr_14@@rf_gpr_15@@rf_gpr_16@@rf_gpr_17@@rf_gpr_18@@rf_gpr_19@@rf_gpr_20@@rf_gpr_21@@rf_gpr_22@@rf_gpr_23@@rf_gpr_24@@rf_gpr_25@@rf_gpr_26@@rf_gpr_27@@rf_gpr_28@@rf_gpr_29@@rf_gpr_30@@rf_gpr_31@@codasip_physical_regs_csr_768@@codasip_physical_regs_csr_769@@codasip_physical_regs_csr_772@@codasip_physical_regs_csr_773@@codasip_physical_regs_csr_800@@codasip_physical_regs_csr_803@@codasip_physical_regs_csr_804@@codasip_physical_regs_csr_805@@codasip_physical_regs_csr_806@@codasip_physical_regs_csr_807@@codasip_physical_regs_csr_808@@codasip_physical_regs_csr_809@@codasip_physical_regs_csr_810@@codasip_physical_regs_csr_811@@codasip_physical_regs_csr_812@@codasip_physical_regs_csr_813@@codasip_physical_regs_csr_814@@codasip_physical_regs_csr_815@@codasip_physical_regs_csr_816@@codasip_physical_regs_csr_817@@codasip_physical_regs_csr_818@@codasip_physical_regs_csr_819@@codasip_physical_regs_csr_820@@codasip_physical_regs_csr_821@@codasip_physical_regs_csr_822@@codasip_physical_regs_csr_823@@codasip_physical_regs_csr_824@@codasip_physical_regs_csr_825@@codasip_physical_regs_csr_826@@codasip_physical_regs_csr_827@@codasip_physical_regs_csr_828@@codasip_physical_regs_csr_829@@codasip_physical_regs_csr_830@@codasip_physical_regs_csr_831@@codasip_physical_regs_csr_832@@codasip_physical_regs_csr_833@@codasip_physical_regs_csr_834@@codasip_physical_regs_csr_835@@codasip_physical_regs_csr_836@@codasip_physical_regs_csr_2816@@codasip_physical_regs_csr_2818@@codasip_physical_regs_csr_2819@@codasip_physical_regs_csr_2820@@codasip_physical_regs_csr_2821@@codasip_physical_regs_csr_2822@@codasip_physical_regs_csr_2823@@codasip_physical_regs_csr_2824@@codasip_physical_regs_csr_2825@@codasip_physical_regs_csr_2826@@codasip_physical_regs_csr_2827@@codasip_physical_regs_csr_2828@@codasip_physical_regs_csr_2829@@codasip_physical_regs_csr_2830@@codasip_physical_regs_csr_2831@@codasip_physical_regs_csr_2832@@codasip_physical_regs_csr_2833@@codasip_physical_regs_csr_2834@@codasip_physical_regs_csr_2835@@codasip_physical_regs_csr_2836@@codasip_physical_regs_csr_2837@@codasip_physical_regs_csr_2838@@codasip_physical_regs_csr_2839@@codasip_physical_regs_csr_2840@@codasip_physical_regs_csr_2841@@codasip_physical_regs_csr_2842@@codasip_physical_regs_csr_2843@@codasip_physical_regs_csr_2844@@codasip_physical_regs_csr_2845@@codasip_physical_regs_csr_2846@@codasip_physical_regs_csr_2847@@codasip_physical_regs_csr_2944@@codasip_physical_regs_csr_2946@@codasip_physical_regs_csr_2947@@codasip_physical_regs_csr_2948@@codasip_physical_regs_csr_2949@@codasip_physical_regs_csr_2950@@codasip_physical_regs_csr_2951@@codasip_physical_regs_csr_2952@@codasip_physical_regs_csr_2953@@codasip_physical_regs_csr_2954@@codasip_physical_regs_csr_2955@@codasip_physical_regs_csr_2956@@codasip_physical_regs_csr_2957@@codasip_physical_regs_csr_2958@@codasip_physical_regs_csr_2959@@codasip_physical_regs_csr_2960@@codasip_physical_regs_csr_2961@@codasip_physical_regs_csr_2962@@codasip_physical_regs_csr_2963@@codasip_physical_regs_csr_2964@@codasip_physical_regs_csr_2965@@codasip_physical_regs_csr_2966@@codasip_physical_regs_csr_2967@@codasip_physical_regs_csr_2968@@codasip_physical_regs_csr_2969@@codasip_physical_regs_csr_2970@@codasip_physical_regs_csr_2971@@codasip_physical_regs_csr_2972@@codasip_physical_regs_csr_2973@@codasip_physical_regs_csr_2974@@codasip_physical_regs_csr_2975@@codasip_physical_regs_csr_3857@@codasip_physical_regs_csr_3858@@codasip_physical_regs_csr_3859@@codasip_physical_regs_csr_3860@@codasip_physical_regs_csr_4033@@codasip_physical_regs_csr_4038@@ -ehdata-regs=10:11 -emit-llvm-bc -emit-llvm-uselists -disable-free -main-file-name CMakeCCompilerABI.c -mrelocation-model static -mthread-model posix -fmath-errno -masm-verbose -mconstructor-aliases -dwarf-column-info -debugger-tuning=lldb -ggnu-pubnames -momit-leaf-frame-pointer -v -coverage-notes-file /home/project/codasip_urisc_v/work/tmp/libs/compiler-rt/build/CMakeFiles/CMakeTmp/CMakeFiles/cmTC_f3ee4.dir/CMakeCCompilerABI.c.gcno -nostdsysteminc -resource-dir /home/project/codasip_urisc_v/work/ia/sdk/lib/clang/9.0.1 -dependency-file CMakeFiles/cmTC_f3ee4.dir/CMakeCCompilerABI.c.o.d -sys-header-deps -MT CMakeFiles/cmTC_f3ee4.dir/CMakeCCompilerABI.c.o -D CODASIP_ENABLE_BASE_COUNTERS -D CODASIP_ENABLE_HPM_COUNTERS -D CODASIP_RV32 -D CODASIP_RVI -D __riscv -D __riscv_xlen=32 -D CODASIP_STUDIO_VERSION_MAJOR=9 -D CODASIP_STUDIO_VERSION_MINOR=4 -D CODASIP_STUDIO_VERSION_PATCH=2 -I /tools/toolchain/newlib/newlib/libc/include -D __SOFT_FP__ -internal-externc-isystem /home/project/codasip_urisc_v/work/ia/sdk/bin/../libcxx/include/c++/v1 -internal-isystem /home/project/codasip_urisc_v/work/ia/sdk/lib/clang/9.0.1/include -fdebug-compilation-dir /home/project/codasip_urisc_v/work/tmp/libs/compiler-rt/build/CMakeFiles/CMakeTmp -ferror-limit 19 -fmessage-length 0 -fobjc-runtime=gcc -fdwarf-exceptions -fdiagnostics-show-option -faddrsig -o /tmp/CMakeCCompilerABI-054f0a.bc -x c /contrib/share/cmake-3.21/Modules/CMakeCCompilerABI.c]
  ignore line: [clang -cc1 version 9.0.1 based upon LLVM 9.0.1 default target x86_64-unknown-linux-gnu]
  ignore line: [ignoring nonexistent directory "/home/project/codasip_urisc_v/work/ia/sdk/bin/../libcxx/include/c++/v1"]
  ignore line: [ignoring duplicate directory "/home/project/codasip_urisc_v/work/ia/sdk/lib/clang/9.0.1/include"]
  ignore line: [#include "..." search starts here:]
  ignore line: [#include <...> search starts here:]
  ignore line: [ /tools/toolchain/newlib/newlib/libc/include]
  ignore line: [ /home/project/codasip_urisc_v/work/ia/sdk/lib/clang/9.0.1/include]
  ignore line: [End of search list.]
  ignore line: [ "/home/project/codasip_urisc_v/work/ia/sdk/bin/codasip_urisc_v-ia-llc" -O0 -use-ctors -o CMakeFiles/cmTC_f3ee4.dir/CMakeCCompilerABI.c.o -filetype=obj /tmp/CMakeCCompilerABI-054f0a.bc -exception-model=dwarf]
  ignore line: [[2/2] Linking C static library libcmTC_f3ee4.a]
  ignore line: []
  ignore line: []
  implicit libs: []
  implicit objs: []
  implicit dirs: []
  implicit fwks: []


Detecting CXX compiler ABI info compiled with the following output:
Change Dir: /home/project/codasip_urisc_v/work/tmp/libs/compiler-rt/build/CMakeFiles/CMakeTmp

Run Build Command(s):/contrib/bin/ninja cmTC_86be4 && [1/2] Building CXX object CMakeFiles/cmTC_86be4.dir/CMakeCXXCompilerABI.cpp.o
clang version 9.0.1 (ssh://git@gitlab.codasip.com/codasip-studio/llvm-project.git de721e516e0cf84aa99255d0f6f37c402af48983)
Target: codasip-codasip_urisc_v_ia
Thread model: posix
InstalledDir: /home/project/codasip_urisc_v/work/ia/sdk/bin
LLVM (http://llvm.org/):
  LLVM version 9.0.1
  Optimized build with assertions.
  Default target: x86_64-unknown-linux-gnu
  Host CPU: skylake-avx512

  Registered Targets:
    codasip   - Target generated for codasip_urisc_v.ia.
      Codasip Studio version: 9.4.2
      Project: codasip_urisc_v.ia
      Date: 2025-04-14 12:52:03
      Copyright (C) 2025 Codasip s.r.o.
    extractor - Target created for semantics extraction.
 "/home/project/codasip_urisc_v/work/ia/sdk/bin/codasip_urisc_v-ia-clang++" -cc1 -triple codasip-codasip_urisc_v_ia -custom-datalayout=e-p:32:32:32-S128-a:0:32-v8:8:8-i8:8:8-v16:16:16-i16:16:16-f16:16:16-v32:32:32-i32:32:32-f32:32:32-v64:32:32-i64:32:32-f64:32:32-v128:32:32-i128:32:32-f128:32:32-v256:32:32-i256:32:32-v512:32:32-i512:32:32-v1024:32:32-i1024:32:32-v2048:32:32-i2048:32:32-n32@e-p:32:32:32-S128-a:0:32-v8:8:8-i8:8:8-v16:16:16-i16:16:16-f16:16:16-v32:32:32-i32:32:32-f32:32:32-v64:32:32-i64:32:32-f64:32:32-v128:32:32-i128:32:32-f128:32:32-v256:32:32-i256:32:32-v512:32:32-i512:32:32-v1024:32:32-i1024:32:32-v2048:32:32-i2048:32:32-n32@E-p:32:32:32-S128-a:0:32-v8:8:8-i8:8:8-v16:16:16-i16:16:16-f16:16:16-v32:32:32-i32:32:32-f32:32:32-v64:32:32-i64:32:32-f64:32:32-v128:32:32-i128:32:32-f128:32:32-v256:32:32-i256:32:32-v512:32:32-i512:32:32-v1024:32:32-i1024:32:32-v2048:32:32-i2048:32:32-n32 -allowed-clobbers=regs@@ra@@x1@@sp@@x2@@x3@@gp@@x4@@tp@@x5@@t0@@x6@@t1@@x7@@t2@@fp@@x8@@s0@@x9@@s1@@x10@@a0@@x11@@a1@@x12@@a2@@x13@@a3@@x14@@a4@@x15@@a5@@x16@@a6@@x17@@a7@@x18@@s2@@x19@@s3@@x20@@s4@@x21@@s5@@x22@@s6@@x23@@s7@@x24@@s8@@x25@@s9@@x26@@s10@@x27@@s11@@x28@@t3@@x29@@t4@@x30@@t5@@x31@@t6@@rf_gpr_1@@rf_gpr_2@@rf_gpr_3@@rf_gpr_4@@rf_gpr_5@@rf_gpr_6@@rf_gpr_7@@rf_gpr_8@@rf_gpr_9@@rf_gpr_10@@rf_gpr_11@@rf_gpr_12@@rf_gpr_13@@rf_gpr_14@@rf_gpr_15@@rf_gpr_16@@rf_gpr_17@@rf_gpr_18@@rf_gpr_19@@rf_gpr_20@@rf_gpr_21@@rf_gpr_22@@rf_gpr_23@@rf_gpr_24@@rf_gpr_25@@rf_gpr_26@@rf_gpr_27@@rf_gpr_28@@rf_gpr_29@@rf_gpr_30@@rf_gpr_31@@r_csr_marchid_0@@r_csr_mcause_0@@r_csr_mcountinhibit_0@@r_csr_mcycle_0@@r_csr_mepc_0@@r_csr_mhartid_0@@r_csr_mie_0@@r_csr_minstret_0@@r_csr_mip_0@@r_csr_misa_0@@r_csr_mscratch_0@@r_csr_mstatus_0@@r_csr_mtval_0@@r_csr_mtvec_0@@r_csr_nmi_0@@r_csr_nmi_mtval_0@@r_nmi_handler_0@@rf_gpr_0@@rf_gpr_1@@rf_gpr_2@@rf_gpr_3@@rf_gpr_4@@rf_gpr_5@@rf_gpr_6@@rf_gpr_7@@rf_gpr_8@@rf_gpr_9@@rf_gpr_10@@rf_gpr_11@@rf_gpr_12@@rf_gpr_13@@rf_gpr_14@@rf_gpr_15@@rf_gpr_16@@rf_gpr_17@@rf_gpr_18@@rf_gpr_19@@rf_gpr_20@@rf_gpr_21@@rf_gpr_22@@rf_gpr_23@@rf_gpr_24@@rf_gpr_25@@rf_gpr_26@@rf_gpr_27@@rf_gpr_28@@rf_gpr_29@@rf_gpr_30@@rf_gpr_31@@codasip_physical_regs_csr_768@@codasip_physical_regs_csr_769@@codasip_physical_regs_csr_772@@codasip_physical_regs_csr_773@@codasip_physical_regs_csr_800@@codasip_physical_regs_csr_803@@codasip_physical_regs_csr_804@@codasip_physical_regs_csr_805@@codasip_physical_regs_csr_806@@codasip_physical_regs_csr_807@@codasip_physical_regs_csr_808@@codasip_physical_regs_csr_809@@codasip_physical_regs_csr_810@@codasip_physical_regs_csr_811@@codasip_physical_regs_csr_812@@codasip_physical_regs_csr_813@@codasip_physical_regs_csr_814@@codasip_physical_regs_csr_815@@codasip_physical_regs_csr_816@@codasip_physical_regs_csr_817@@codasip_physical_regs_csr_818@@codasip_physical_regs_csr_819@@codasip_physical_regs_csr_820@@codasip_physical_regs_csr_821@@codasip_physical_regs_csr_822@@codasip_physical_regs_csr_823@@codasip_physical_regs_csr_824@@codasip_physical_regs_csr_825@@codasip_physical_regs_csr_826@@codasip_physical_regs_csr_827@@codasip_physical_regs_csr_828@@codasip_physical_regs_csr_829@@codasip_physical_regs_csr_830@@codasip_physical_regs_csr_831@@codasip_physical_regs_csr_832@@codasip_physical_regs_csr_833@@codasip_physical_regs_csr_834@@codasip_physical_regs_csr_835@@codasip_physical_regs_csr_836@@codasip_physical_regs_csr_2816@@codasip_physical_regs_csr_2818@@codasip_physical_regs_csr_2819@@codasip_physical_regs_csr_2820@@codasip_physical_regs_csr_2821@@codasip_physical_regs_csr_2822@@codasip_physical_regs_csr_2823@@codasip_physical_regs_csr_2824@@codasip_physical_regs_csr_2825@@codasip_physical_regs_csr_2826@@codasip_physical_regs_csr_2827@@codasip_physical_regs_csr_2828@@codasip_physical_regs_csr_2829@@codasip_physical_regs_csr_2830@@codasip_physical_regs_csr_2831@@codasip_physical_regs_csr_2832@@codasip_physical_regs_csr_2833@@codasip_physical_regs_csr_2834@@codasip_physical_regs_csr_2835@@codasip_physical_regs_csr_2836@@codasip_physical_regs_csr_2837@@codasip_physical_regs_csr_2838@@codasip_physical_regs_csr_2839@@codasip_physical_regs_csr_2840@@codasip_physical_regs_csr_2841@@codasip_physical_regs_csr_2842@@codasip_physical_regs_csr_2843@@codasip_physical_regs_csr_2844@@codasip_physical_regs_csr_2845@@codasip_physical_regs_csr_2846@@codasip_physical_regs_csr_2847@@codasip_physical_regs_csr_2944@@codasip_physical_regs_csr_2946@@codasip_physical_regs_csr_2947@@codasip_physical_regs_csr_2948@@codasip_physical_regs_csr_2949@@codasip_physical_regs_csr_2950@@codasip_physical_regs_csr_2951@@codasip_physical_regs_csr_2952@@codasip_physical_regs_csr_2953@@codasip_physical_regs_csr_2954@@codasip_physical_regs_csr_2955@@codasip_physical_regs_csr_2956@@codasip_physical_regs_csr_2957@@codasip_physical_regs_csr_2958@@codasip_physical_regs_csr_2959@@codasip_physical_regs_csr_2960@@codasip_physical_regs_csr_2961@@codasip_physical_regs_csr_2962@@codasip_physical_regs_csr_2963@@codasip_physical_regs_csr_2964@@codasip_physical_regs_csr_2965@@codasip_physical_regs_csr_2966@@codasip_physical_regs_csr_2967@@codasip_physical_regs_csr_2968@@codasip_physical_regs_csr_2969@@codasip_physical_regs_csr_2970@@codasip_physical_regs_csr_2971@@codasip_physical_regs_csr_2972@@codasip_physical_regs_csr_2973@@codasip_physical_regs_csr_2974@@codasip_physical_regs_csr_2975@@codasip_physical_regs_csr_3857@@codasip_physical_regs_csr_3858@@codasip_physical_regs_csr_3859@@codasip_physical_regs_csr_3860@@codasip_physical_regs_csr_4033@@codasip_physical_regs_csr_4038@@ -ehdata-regs=10:11 -emit-llvm-bc -emit-llvm-uselists -disable-free -main-file-name CMakeCXXCompilerABI.cpp -mrelocation-model static -mthread-model posix -fmath-errno -masm-verbose -mconstructor-aliases -munwind-tables -dwarf-column-info -debugger-tuning=lldb -ggnu-pubnames -momit-leaf-frame-pointer -v -coverage-notes-file /home/project/codasip_urisc_v/work/tmp/libs/compiler-rt/build/CMakeFiles/CMakeTmp/CMakeFiles/cmTC_86be4.dir/CMakeCXXCompilerABI.cpp.gcno -nostdsysteminc -resource-dir /home/project/codasip_urisc_v/work/ia/sdk/lib/clang/9.0.1 -dependency-file CMakeFiles/cmTC_86be4.dir/CMakeCXXCompilerABI.cpp.o.d -sys-header-deps -MT CMakeFiles/cmTC_86be4.dir/CMakeCXXCompilerABI.cpp.o -D CODASIP_ENABLE_BASE_COUNTERS -D CODASIP_ENABLE_HPM_COUNTERS -D CODASIP_RV32 -D CODASIP_RVI -D __riscv -D __riscv_xlen=32 -D CODASIP_STUDIO_VERSION_MAJOR=9 -D CODASIP_STUDIO_VERSION_MINOR=4 -D CODASIP_STUDIO_VERSION_PATCH=2 -I /tools/toolchain/newlib/newlib/libc/include -D __SOFT_FP__ -internal-externc-isystem /home/project/codasip_urisc_v/work/ia/sdk/bin/../libcxx/include/c++/v1 -internal-isystem /home/project/codasip_urisc_v/work/ia/sdk/lib/clang/9.0.1/include -fdeprecated-macro -fdebug-compilation-dir /home/project/codasip_urisc_v/work/tmp/libs/compiler-rt/build/CMakeFiles/CMakeTmp -ferror-limit 19 -fmessage-length 0 -flower-atomic -fobjc-runtime=gcc -fcxx-exceptions -fexceptions -fdwarf-exceptions -fdiagnostics-show-option -faddrsig -o /tmp/CMakeCXXCompilerABI-95e87d.bc -x c++ /contrib/share/cmake-3.21/Modules/CMakeCXXCompilerABI.cpp
clang -cc1 version 9.0.1 based upon LLVM 9.0.1 default target x86_64-unknown-linux-gnu
ignoring nonexistent directory "/home/project/codasip_urisc_v/work/ia/sdk/bin/../libcxx/include/c++/v1"
ignoring duplicate directory "/home/project/codasip_urisc_v/work/ia/sdk/lib/clang/9.0.1/include"
#include "..." search starts here:
#include <...> search starts here:
 /tools/toolchain/newlib/newlib/libc/include
 /home/project/codasip_urisc_v/work/ia/sdk/lib/clang/9.0.1/include
End of search list.
 "/home/project/codasip_urisc_v/work/ia/sdk/bin/codasip_urisc_v-ia-llc" -O0 -use-ctors -o CMakeFiles/cmTC_86be4.dir/CMakeCXXCompilerABI.cpp.o -filetype=obj /tmp/CMakeCXXCompilerABI-95e87d.bc -exception-model=dwarf
[2/2] Linking CXX static library libcmTC_86be4.a



Parsed CXX implicit include dir info from above output: rv=done
  found start of include info
  found start of implicit include info
    add: [/tools/toolchain/newlib/newlib/libc/include]
    add: [/home/project/codasip_urisc_v/work/ia/sdk/lib/clang/9.0.1/include]
  end of search list found
  collapse include dir [/tools/toolchain/newlib/newlib/libc/include] ==> [/tools/toolchain/newlib/newlib/libc/include]
  collapse include dir [/home/project/codasip_urisc_v/work/ia/sdk/lib/clang/9.0.1/include] ==> [/home/project/codasip_urisc_v/work/ia/sdk/lib/clang/9.0.1/include]
  implicit include dirs: [/tools/toolchain/newlib/newlib/libc/include;/home/project/codasip_urisc_v/work/ia/sdk/lib/clang/9.0.1/include]


Parsed CXX implicit link information from above output:
  link line regex: [^( *|.*[/\])(codasip_urisc_v-ia-ld|CMAKE_LINK_STARTFILE-NOTFOUND|([^/\]+-)?ld|collect2)[^/\]*( |$)]
  ignore line: [Change Dir: /home/project/codasip_urisc_v/work/tmp/libs/compiler-rt/build/CMakeFiles/CMakeTmp]
  ignore line: []
  ignore line: [Run Build Command(s):/contrib/bin/ninja cmTC_86be4 && [1/2] Building CXX object CMakeFiles/cmTC_86be4.dir/CMakeCXXCompilerABI.cpp.o]
  ignore line: [clang version 9.0.1 (ssh://git@gitlab.codasip.com/codasip-studio/llvm-project.git de721e516e0cf84aa99255d0f6f37c402af48983)]
  ignore line: [Target: codasip-codasip_urisc_v_ia]
  ignore line: [Thread model: posix]
  ignore line: [InstalledDir: /home/project/codasip_urisc_v/work/ia/sdk/bin]
  ignore line: [LLVM (http://llvm.org/):]
  ignore line: [  LLVM version 9.0.1]
  ignore line: [  Optimized build with assertions.]
  ignore line: [  Default target: x86_64-unknown-linux-gnu]
  ignore line: [  Host CPU: skylake-avx512]
  ignore line: []
  ignore line: [  Registered Targets:]
  ignore line: [    codasip   - Target generated for codasip_urisc_v.ia.]
  ignore line: [      Codasip Studio version: 9.4.2]
  ignore line: [      Project: codasip_urisc_v.ia]
  ignore line: [      Date: 2025-04-14 12:52:03]
  ignore line: [      Copyright (C) 2025 Codasip s.r.o.]
  ignore line: [    extractor - Target created for semantics extraction.]
  ignore line: [ "/home/project/codasip_urisc_v/work/ia/sdk/bin/codasip_urisc_v-ia-clang++" -cc1 -triple codasip-codasip_urisc_v_ia -custom-datalayout=e-p:32:32:32-S128-a:0:32-v8:8:8-i8:8:8-v16:16:16-i16:16:16-f16:16:16-v32:32:32-i32:32:32-f32:32:32-v64:32:32-i64:32:32-f64:32:32-v128:32:32-i128:32:32-f128:32:32-v256:32:32-i256:32:32-v512:32:32-i512:32:32-v1024:32:32-i1024:32:32-v2048:32:32-i2048:32:32-n32@e-p:32:32:32-S128-a:0:32-v8:8:8-i8:8:8-v16:16:16-i16:16:16-f16:16:16-v32:32:32-i32:32:32-f32:32:32-v64:32:32-i64:32:32-f64:32:32-v128:32:32-i128:32:32-f128:32:32-v256:32:32-i256:32:32-v512:32:32-i512:32:32-v1024:32:32-i1024:32:32-v2048:32:32-i2048:32:32-n32@E-p:32:32:32-S128-a:0:32-v8:8:8-i8:8:8-v16:16:16-i16:16:16-f16:16:16-v32:32:32-i32:32:32-f32:32:32-v64:32:32-i64:32:32-f64:32:32-v128:32:32-i128:32:32-f128:32:32-v256:32:32-i256:32:32-v512:32:32-i512:32:32-v1024:32:32-i1024:32:32-v2048:32:32-i2048:32:32-n32 -allowed-clobbers=regs@@ra@@x1@@sp@@x2@@x3@@gp@@x4@@tp@@x5@@t0@@x6@@t1@@x7@@t2@@fp@@x8@@s0@@x9@@s1@@x10@@a0@@x11@@a1@@x12@@a2@@x13@@a3@@x14@@a4@@x15@@a5@@x16@@a6@@x17@@a7@@x18@@s2@@x19@@s3@@x20@@s4@@x21@@s5@@x22@@s6@@x23@@s7@@x24@@s8@@x25@@s9@@x26@@s10@@x27@@s11@@x28@@t3@@x29@@t4@@x30@@t5@@x31@@t6@@rf_gpr_1@@rf_gpr_2@@rf_gpr_3@@rf_gpr_4@@rf_gpr_5@@rf_gpr_6@@rf_gpr_7@@rf_gpr_8@@rf_gpr_9@@rf_gpr_10@@rf_gpr_11@@rf_gpr_12@@rf_gpr_13@@rf_gpr_14@@rf_gpr_15@@rf_gpr_16@@rf_gpr_17@@rf_gpr_18@@rf_gpr_19@@rf_gpr_20@@rf_gpr_21@@rf_gpr_22@@rf_gpr_23@@rf_gpr_24@@rf_gpr_25@@rf_gpr_26@@rf_gpr_27@@rf_gpr_28@@rf_gpr_29@@rf_gpr_30@@rf_gpr_31@@r_csr_marchid_0@@r_csr_mcause_0@@r_csr_mcountinhibit_0@@r_csr_mcycle_0@@r_csr_mepc_0@@r_csr_mhartid_0@@r_csr_mie_0@@r_csr_minstret_0@@r_csr_mip_0@@r_csr_misa_0@@r_csr_mscratch_0@@r_csr_mstatus_0@@r_csr_mtval_0@@r_csr_mtvec_0@@r_csr_nmi_0@@r_csr_nmi_mtval_0@@r_nmi_handler_0@@rf_gpr_0@@rf_gpr_1@@rf_gpr_2@@rf_gpr_3@@rf_gpr_4@@rf_gpr_5@@rf_gpr_6@@rf_gpr_7@@rf_gpr_8@@rf_gpr_9@@rf_gpr_10@@rf_gpr_11@@rf_gpr_12@@rf_gpr_13@@rf_gpr_14@@rf_gpr_15@@rf_gpr_16@@rf_gpr_17@@rf_gpr_18@@rf_gpr_19@@rf_gpr_20@@rf_gpr_21@@rf_gpr_22@@rf_gpr_23@@rf_gpr_24@@rf_gpr_25@@rf_gpr_26@@rf_gpr_27@@rf_gpr_28@@rf_gpr_29@@rf_gpr_30@@rf_gpr_31@@codasip_physical_regs_csr_768@@codasip_physical_regs_csr_769@@codasip_physical_regs_csr_772@@codasip_physical_regs_csr_773@@codasip_physical_regs_csr_800@@codasip_physical_regs_csr_803@@codasip_physical_regs_csr_804@@codasip_physical_regs_csr_805@@codasip_physical_regs_csr_806@@codasip_physical_regs_csr_807@@codasip_physical_regs_csr_808@@codasip_physical_regs_csr_809@@codasip_physical_regs_csr_810@@codasip_physical_regs_csr_811@@codasip_physical_regs_csr_812@@codasip_physical_regs_csr_813@@codasip_physical_regs_csr_814@@codasip_physical_regs_csr_815@@codasip_physical_regs_csr_816@@codasip_physical_regs_csr_817@@codasip_physical_regs_csr_818@@codasip_physical_regs_csr_819@@codasip_physical_regs_csr_820@@codasip_physical_regs_csr_821@@codasip_physical_regs_csr_822@@codasip_physical_regs_csr_823@@codasip_physical_regs_csr_824@@codasip_physical_regs_csr_825@@codasip_physical_regs_csr_826@@codasip_physical_regs_csr_827@@codasip_physical_regs_csr_828@@codasip_physical_regs_csr_829@@codasip_physical_regs_csr_830@@codasip_physical_regs_csr_831@@codasip_physical_regs_csr_832@@codasip_physical_regs_csr_833@@codasip_physical_regs_csr_834@@codasip_physical_regs_csr_835@@codasip_physical_regs_csr_836@@codasip_physical_regs_csr_2816@@codasip_physical_regs_csr_2818@@codasip_physical_regs_csr_2819@@codasip_physical_regs_csr_2820@@codasip_physical_regs_csr_2821@@codasip_physical_regs_csr_2822@@codasip_physical_regs_csr_2823@@codasip_physical_regs_csr_2824@@codasip_physical_regs_csr_2825@@codasip_physical_regs_csr_2826@@codasip_physical_regs_csr_2827@@codasip_physical_regs_csr_2828@@codasip_physical_regs_csr_2829@@codasip_physical_regs_csr_2830@@codasip_physical_regs_csr_2831@@codasip_physical_regs_csr_2832@@codasip_physical_regs_csr_2833@@codasip_physical_regs_csr_2834@@codasip_physical_regs_csr_2835@@codasip_physical_regs_csr_2836@@codasip_physical_regs_csr_2837@@codasip_physical_regs_csr_2838@@codasip_physical_regs_csr_2839@@codasip_physical_regs_csr_2840@@codasip_physical_regs_csr_2841@@codasip_physical_regs_csr_2842@@codasip_physical_regs_csr_2843@@codasip_physical_regs_csr_2844@@codasip_physical_regs_csr_2845@@codasip_physical_regs_csr_2846@@codasip_physical_regs_csr_2847@@codasip_physical_regs_csr_2944@@codasip_physical_regs_csr_2946@@codasip_physical_regs_csr_2947@@codasip_physical_regs_csr_2948@@codasip_physical_regs_csr_2949@@codasip_physical_regs_csr_2950@@codasip_physical_regs_csr_2951@@codasip_physical_regs_csr_2952@@codasip_physical_regs_csr_2953@@codasip_physical_regs_csr_2954@@codasip_physical_regs_csr_2955@@codasip_physical_regs_csr_2956@@codasip_physical_regs_csr_2957@@codasip_physical_regs_csr_2958@@codasip_physical_regs_csr_2959@@codasip_physical_regs_csr_2960@@codasip_physical_regs_csr_2961@@codasip_physical_regs_csr_2962@@codasip_physical_regs_csr_2963@@codasip_physical_regs_csr_2964@@codasip_physical_regs_csr_2965@@codasip_physical_regs_csr_2966@@codasip_physical_regs_csr_2967@@codasip_physical_regs_csr_2968@@codasip_physical_regs_csr_2969@@codasip_physical_regs_csr_2970@@codasip_physical_regs_csr_2971@@codasip_physical_regs_csr_2972@@codasip_physical_regs_csr_2973@@codasip_physical_regs_csr_2974@@codasip_physical_regs_csr_2975@@codasip_physical_regs_csr_3857@@codasip_physical_regs_csr_3858@@codasip_physical_regs_csr_3859@@codasip_physical_regs_csr_3860@@codasip_physical_regs_csr_4033@@codasip_physical_regs_csr_4038@@ -ehdata-regs=10:11 -emit-llvm-bc -emit-llvm-uselists -disable-free -main-file-name CMakeCXXCompilerABI.cpp -mrelocation-model static -mthread-model posix -fmath-errno -masm-verbose -mconstructor-aliases -munwind-tables -dwarf-column-info -debugger-tuning=lldb -ggnu-pubnames -momit-leaf-frame-pointer -v -coverage-notes-file /home/project/codasip_urisc_v/work/tmp/libs/compiler-rt/build/CMakeFiles/CMakeTmp/CMakeFiles/cmTC_86be4.dir/CMakeCXXCompilerABI.cpp.gcno -nostdsysteminc -resource-dir /home/project/codasip_urisc_v/work/ia/sdk/lib/clang/9.0.1 -dependency-file CMakeFiles/cmTC_86be4.dir/CMakeCXXCompilerABI.cpp.o.d -sys-header-deps -MT CMakeFiles/cmTC_86be4.dir/CMakeCXXCompilerABI.cpp.o -D CODASIP_ENABLE_BASE_COUNTERS -D CODASIP_ENABLE_HPM_COUNTERS -D CODASIP_RV32 -D CODASIP_RVI -D __riscv -D __riscv_xlen=32 -D CODASIP_STUDIO_VERSION_MAJOR=9 -D CODASIP_STUDIO_VERSION_MINOR=4 -D CODASIP_STUDIO_VERSION_PATCH=2 -I /tools/toolchain/newlib/newlib/libc/include -D __SOFT_FP__ -internal-externc-isystem /home/project/codasip_urisc_v/work/ia/sdk/bin/../libcxx/include/c++/v1 -internal-isystem /home/project/codasip_urisc_v/work/ia/sdk/lib/clang/9.0.1/include -fdeprecated-macro -fdebug-compilation-dir /home/project/codasip_urisc_v/work/tmp/libs/compiler-rt/build/CMakeFiles/CMakeTmp -ferror-limit 19 -fmessage-length 0 -flower-atomic -fobjc-runtime=gcc -fcxx-exceptions -fexceptions -fdwarf-exceptions -fdiagnostics-show-option -faddrsig -o /tmp/CMakeCXXCompilerABI-95e87d.bc -x c++ /contrib/share/cmake-3.21/Modules/CMakeCXXCompilerABI.cpp]
  ignore line: [clang -cc1 version 9.0.1 based upon LLVM 9.0.1 default target x86_64-unknown-linux-gnu]
  ignore line: [ignoring nonexistent directory "/home/project/codasip_urisc_v/work/ia/sdk/bin/../libcxx/include/c++/v1"]
  ignore line: [ignoring duplicate directory "/home/project/codasip_urisc_v/work/ia/sdk/lib/clang/9.0.1/include"]
  ignore line: [#include "..." search starts here:]
  ignore line: [#include <...> search starts here:]
  ignore line: [ /tools/toolchain/newlib/newlib/libc/include]
  ignore line: [ /home/project/codasip_urisc_v/work/ia/sdk/lib/clang/9.0.1/include]
  ignore line: [End of search list.]
  ignore line: [ "/home/project/codasip_urisc_v/work/ia/sdk/bin/codasip_urisc_v-ia-llc" -O0 -use-ctors -o CMakeFiles/cmTC_86be4.dir/CMakeCXXCompilerABI.cpp.o -filetype=obj /tmp/CMakeCXXCompilerABI-95e87d.bc -exception-model=dwarf]
  ignore line: [[2/2] Linking CXX static library libcmTC_86be4.a]
  ignore line: []
  ignore line: []
  implicit libs: []
  implicit objs: []
  implicit dirs: []
  implicit fwks: []


Determining if the __codasip__ exist passed with the following output:
Change Dir: /home/project/codasip_urisc_v/work/tmp/libs/compiler-rt/build/CMakeFiles/CMakeTmp

Run Build Command(s):/contrib/bin/ninja cmTC_ff9aa && [1/2] Building C object CMakeFiles/cmTC_ff9aa.dir/CheckSymbolExists.c.o
[2/2] Linking C static library libcmTC_ff9aa.a


File /home/project/codasip_urisc_v/work/tmp/libs/compiler-rt/build/CMakeFiles/CMakeTmp/CheckSymbolExists.c:
/* */

int main(int argc, char** argv)
{
  (void)argv;
#ifndef __codasip__
  return ((int*)(&__codasip__))[argc];
#else
  (void)argc;
  return 0;
#endif
}
Performing C++ SOURCE FILE Test COMPILER_RT_HAS_FVISIBILITY_INLINES_HIDDEN_FLAG succeeded with the following output:
Change Dir: /home/project/codasip_urisc_v/work/tmp/libs/compiler-rt/build/CMakeFiles/CMakeTmp

Run Build Command(s):/contrib/bin/ninja cmTC_af55a && [1/2] Building CXX object CMakeFiles/cmTC_af55a.dir/src.cxx.o
[2/2] Linking CXX static library libcmTC_af55a.a


Source file was:
int main() { return 0; }
Determining if the _ILP32 exist passed with the following output:
Change Dir: /home/project/codasip_urisc_v/work/tmp/libs/compiler-rt/build/CMakeFiles/CMakeTmp

Run Build Command(s):/contrib/bin/ninja cmTC_0169e && [1/2] Building C object CMakeFiles/cmTC_0169e.dir/CheckSymbolExists.c.o
[2/2] Linking C static library libcmTC_0169e.a


File /home/project/codasip_urisc_v/work/tmp/libs/compiler-rt/build/CMakeFiles/CMakeTmp/CheckSymbolExists.c:
/* */

int main(int argc, char** argv)
{
  (void)argv;
#ifndef _ILP32
  return ((int*)(&_ILP32))[argc];
#else
  (void)argc;
  return 0;
#endif
}
