Performing C SOURCE FILE Test CMAKE_HAVE_LIBC_PTHREAD failed with the following output:
Change Dir: /home/project/codasip_urisc_v/work/tmp/debugger/CMakeFiles/CMakeTmp

Run Build Command(s):/contrib/bin/ninja cmTC_b63e6 && [1/2] Building C object CMakeFiles/cmTC_b63e6.dir/src.c.o
[2/2] Linking C executable cmTC_b63e6
FAILED: cmTC_b63e6 
: && /contrib/bin/gcc   CMakeFiles/cmTC_b63e6.dir/src.c.o -o cmTC_b63e6   && :
/contrib/bin/../lib/gcc/x86_64-linux-gnu/7.4.0/../../../../x86_64-linux-gnu/bin/ld: CMakeFiles/cmTC_b63e6.dir/src.c.o: in function `main':
src.c:(.text+0x2d): undefined reference to `pthread_create'
/contrib/bin/../lib/gcc/x86_64-linux-gnu/7.4.0/../../../../x86_64-linux-gnu/bin/ld: src.c:(.text+0x39): undefined reference to `pthread_detach'
/contrib/bin/../lib/gcc/x86_64-linux-gnu/7.4.0/../../../../x86_64-linux-gnu/bin/ld: src.c:(.text+0x45): undefined reference to `pthread_cancel'
/contrib/bin/../lib/gcc/x86_64-linux-gnu/7.4.0/../../../../x86_64-linux-gnu/bin/ld: src.c:(.text+0x56): undefined reference to `pthread_join'
collect2: error: ld returned 1 exit status
ninja: build stopped: subcommand failed.


Source file was:
#include <pthread.h>

static void* test_func(void* data)
{
  return data;
}

int main(void)
{
  pthread_t thread;
  pthread_create(&thread, NULL, test_func, NULL);
  pthread_detach(thread);
  pthread_cancel(thread);
  pthread_join(thread, NULL);
  pthread_atfork(NULL, NULL, NULL);
  pthread_exit(NULL);

  return 0;
}

Determining if the function pthread_create exists in the pthreads failed with the following output:
Change Dir: /home/project/codasip_urisc_v/work/tmp/debugger/CMakeFiles/CMakeTmp

Run Build Command(s):/contrib/bin/ninja cmTC_d40c1 && [1/2] Building C object CMakeFiles/cmTC_d40c1.dir/CheckFunctionExists.c.o
[2/2] Linking C executable cmTC_d40c1
FAILED: cmTC_d40c1 
: && /contrib/bin/gcc -DCHECK_FUNCTION_EXISTS=pthread_create  CMakeFiles/cmTC_d40c1.dir/CheckFunctionExists.c.o -o cmTC_d40c1  -lpthreads && :
/contrib/bin/../lib/gcc/x86_64-linux-gnu/7.4.0/../../../../x86_64-linux-gnu/bin/ld: cannot find -lpthreads
collect2: error: ld returned 1 exit status
ninja: build stopped: subcommand failed.



