-- The CXX compiler identification is GNU 7.4.0
-- Detecting CXX compiler ABI info
-- Detecting CXX compiler ABI info - done
-- Check for working CXX compiler: /contrib/bin/g++ - skipped
-- Detecting CXX compile features
-- Detecting CXX compile features - done
-- Installation prefix set to: /home/project/codasip_urisc_v/work/ia/sdk
-- Looking for C++ include pthread.h
-- Looking for C++ include pthread.h - found
-- Performing Test CMAKE_HAVE_LIBC_PTHREAD
-- Performing Test CMAKE_HAVE_LIBC_PTHREAD - Failed
-- Looking for pthread_create in pthreads
-- Looking for pthread_create in pthreads - not found
-- Looking for pthread_create in pthread
-- Looking for pthread_create in pthread - found
-- Found Threads: TRUE  
-- Configuring done
-- Generating done
CMake Warning:
  Manually-specified variables were not used by the project:

    CMAKE_C_COMPILER
    CODASIP_MODEL_DIR


-- Build files have been written to: /home/project/codasip_urisc_v/work/tmp/profiler
